[towasales.in/index.html]
[backblue.gif]
[fade.gif]
[index.html]
[towasales.in/cgi-sys/images/404top_w.jpg]
[towasales.in/cgi-sys/images/404mid.gif]
[towasales.in/cgi-sys/images/404bottom.gif]
[towasales.in/wp-content/plugins/litespeed-cache/assets/js/css_async.min.js]
[towasales.in/wp-content/uploads/2023/07/visionix.png]
[cdnjs.cloudflare.com/ajax/libs/font-awesome/6.4.0/css/all.min9704.css]
[towasales.in/feed/index.html]
[towasales.in/comments/feed/index.html]
[towasales.in/wp-json/wp/v2/pages/8.json]
[towasales.in/wp-json/index.html]
[towasales.in/xmlrpc0db0.php]
[towasales.in/wp-json/oembed/1.0/embed2d5e.json]
[towasales.in/wp-json/oembed/1.0/embed0c77]
[towasales.in/wp-content/uploads/2023/07/favicon.png]
[towasales.in/wp-content/uploads/2023/09/Towa-Homepage-Video-Banner-Blue-1-GIF.gif]
[towasales.in/product-categories/operating-microscope/index.html]
[towasales.in/about-us/index.html]
[towasales.in/wp-content/themes/towa/assets/jquery.min.js]
[towasales.in/product-categories/mobile-slitlamp/index.html]
[towasales.in/product-categories/slit-lamp/index.html]
[towasales.in/wp-content/litespeed/js/6610e5877f2d207928890cb2e6fd6009fe38.js]
[towasales.in/product-categories/applanation-tonometer/index.html]
[towasales.in/product-categories/digital-imaging-system/index.html]
[towasales.in/wp-content/litespeed/js/57090809e0af627e7eea2e87dddf25235d64.js]
[towasales.in/product-categories/eye-cam-digital-camera-image-filing-sw/index.html]
[towasales.in/product-categories/contrast-glaretester/index.html]
[towasales.in/wp-content/litespeed/js/8bd725e49461129c6c641ab9fc52c9af7563.js]
[towasales.in/product-categories/soft-noncontact-tonometer/index.html]
[towasales.in/product-categories/autorefractor-keratometer/index.html]
[towasales.in/product-categories/hand-held-autorefractor-keratometer/index.html]
[towasales.in/wp-content/litespeed/js/39e6fdb2595bcc02b91386cd54d06b58260f.js]
[towasales.in/product-categories/hand-held-auto-refractometer/index.html]
[towasales.in/product-categories/slitlamp-visionix/index.html]
[towasales.in/wp-content/litespeed/js/e40c5f6b91a66d0ba5570c6433e49b262d52.js]
[towasales.in/product-categories/indirect-ophthalmoscope/index.html]
[towasales.in/product-categories/indirect-ophthalmoscope-with-camera/index.html]
[towasales.in/wp-content/litespeed/js/bcf1b908a36ff5ecdbbbe9bcd4021ee984a3.js]
[towasales.in/product-categories/binocular-loupes/index.html]
[towasales.in/product-categories/direct-ophthalmoscopes/index.html]
[towasales.in/wp-content/litespeed/js/6b324f76913c6aa8627494c359632460bad2.js]
[towasales.in/product-categories/retinoscopes/index.html]
[towasales.in/product-categories/contact-lens-inspection-instruments/index.html]
[towasales.in/product-categories/aspherical-lens/index.html]
[towasales.in/wp-content/litespeed/js/3c924762bd91487011c334299d63d5ceec76.js]
[towasales.in/product-categories/phaco-machine/index.html]
[towasales.in/product-categories/advanced-vitrectomy-equipment/index.html]
[towasales.in/distributors/index.html]
[www.google.com/recaptcha/apidba9.js]
[towasales.in/careers/index.html]
[towasales.in/index.html]
[towasales.in/contact-us/index.html]
[towasales.in/our-products/om-19/index.html]
[www.googletagmanager.com/gtm5445.html]
[towasales.in/our-products/bls-1-bls-2-bls-3-bld-3/index.html]
[towasales.in/wp-content/litespeed/css/81d0ff45c0f56d577f5c52893da9e4c6a8b7.css]
[towasales.in/our-products/r-evolution-cr/index.html]
[towasales.in/our-products/14d/index.html]
[cdnjs.cloudflare.com/ajax/libs/font-awesome/6.4.0/css/all.min9704.css]
[towasales.in/our-products/retinomax-kscreen/index.html]
[towasales.in/product-categories/slitlamp/index.html]
[towasales.in/wp-content/themes/towa/assets/owlslider/owl.video.play.png]
[towasales.in/our-products/bxarcled-rc-iii/index.html]
[towasales.in/wp-content/litespeed/css/e426aa35298fb873b20e39928bbfcdf753b0.css]
[towasales.in/wp-content/themes/towa/images/footer-bg.png]
[towasales.in/wp-content/litespeed/css/3080251beaca33ed232c8c6241af27b774db.css]
[towasales.in/wp-content/litespeed/css/39fffd1006d1c425ab83a90aa6303f4e65b5.css]
[towasales.in/wp-content/litespeed/css/ef981470520e9481a81cc40328a936b3ec8f.css]
[towasales.in/wp-json/wp/v2/pages/286.json]
[towasales.in/wp-json/oembed/1.0/embed1806.json]
[towasales.in/wp-json/oembed/1.0/embedbe47]
[towasales.in/about-us/index.html]
[towasales.in/wp-json/wp/v2/product_categories/6.json]
[towasales.in/product-categories/operating-microscope/index.html]
[towasales.in/product-categories/operating-microscope/feed/index.html]
[towasales.in/our-products/om-6/index.html]
[towasales.in/wp-json/wp/v2/product_categories/7.json]
[towasales.in/product-categories/slit-lamp/feed/index.html]
[towasales.in/product-categories/slit-lamp/index.html]
[towasales.in/our-products/om-9/index.html]
[towasales.in/our-products/700gl/index.html]
[towasales.in/our-products/700gl-nsw/index.html]
[towasales.in/wp-json/wp/v2/product_categories/8.json]
[towasales.in/product-categories/mobile-slitlamp/index.html]
[towasales.in/our-products/30gl/index.html]
[towasales.in/our-products/4zl/index.html]
[towasales.in/our-products/2zl/index.html]
[towasales.in/our-products/2zl-bg/index.html]
[towasales.in/wp-json/wp/v2/product_categories/9.json]
[towasales.in/product-categories/applanation-tonometer/index.html]
[towasales.in/product-categories/mobile-slitlamp/feed/index.html]
[towasales.in/our-products/ms1/index.html]
[towasales.in/our-products/at-1/index.html]
[towasales.in/product-categories/applanation-tonometer/feed/index.html]
[towasales.in/product-categories/digital-imaging-system/feed/index.html]
[towasales.in/wp-json/wp/v2/product_categories/10.json]
[towasales.in/product-categories/digital-imaging-system/index.html]
[towasales.in/our-products/dis1/index.html]
[towasales.in/wp-json/wp/v2/product_categories/11.json]
[towasales.in/product-categories/eye-cam-digital-camera-image-filing-sw/index.html]
[towasales.in/product-categories/eye-cam-digital-camera-image-filing-sw/feed/index.html]
[towasales.in/wp-json/wp/v2/product_categories/13.json]
[towasales.in/product-categories/contrast-glaretester/index.html]
[towasales.in/our-products/td-10/index.html]
[towasales.in/our-products/cgt-2000/index.html]
[towasales.in/wp-json/wp/v2/product_categories/14.json]
[towasales.in/product-categories/soft-noncontact-tonometer/index.html]
[towasales.in/our-products/snt-700/index.html]
[towasales.in/product-categories/contrast-glaretester/feed/index.html]
[towasales.in/product-categories/soft-noncontact-tonometer/feed/index.html]
[towasales.in/wp-json/wp/v2/product_categories/20.json]
[towasales.in/product-categories/autorefractor-keratometer/index.html]
[towasales.in/product-categories/autorefractor-keratometer/feed/index.html]
[towasales.in/our-products/speedy-k2/index.html]
[towasales.in/wp-json/wp/v2/product_categories/21.json]
[towasales.in/product-categories/hand-held-autorefractor-keratometer/index.html]
[towasales.in/product-categories/hand-held-autorefractor-keratometer/feed/index.html]
[towasales.in/wp-json/wp/v2/product_categories/22.json]
[towasales.in/product-categories/hand-held-auto-refractometer/index.html]
[towasales.in/our-products/retinomax-k-plus-5/index.html]
[towasales.in/our-products/retinomax-5/index.html]
[towasales.in/product-categories/hand-held-auto-refractometer/feed/index.html]
[towasales.in/wp-json/wp/v2/product_categories/23.json]
[towasales.in/product-categories/slitlamp-visionix/index.html]
[towasales.in/our-products/retinomax-screen/index.html]
[towasales.in/our-products/mw-50d-clinical/index.html]
[towasales.in/our-products/mw-50d-digital/index.html]
[towasales.in/product-categories/slitlamp-visionix/feed/index.html]
[towasales.in/wp-json/wp/v2/product_categories/25.json]
[towasales.in/product-categories/indirect-ophthalmoscope/index.html]
[towasales.in/product-categories/indirect-ophthalmoscope/feed/index.html]
[towasales.in/wp-json/wp/v2/product_categories/26.json]
[towasales.in/product-categories/indirect-ophthalmoscope-with-camera/index.html]
[towasales.in/our-products/io-α-led/index.html]
[towasales.in/our-products/io-α-led-camera/index.html]
[towasales.in/product-categories/indirect-ophthalmoscope-with-camera/feed/index.html]
[towasales.in/wp-json/wp/v2/product_categories/27.json]
[towasales.in/product-categories/binocular-loupes/index.html]
[towasales.in/product-categories/binocular-loupes/feed/index.html]
[towasales.in/product-categories/direct-ophthalmoscopes/feed/index.html]
[towasales.in/wp-json/wp/v2/product_categories/28.json]
[towasales.in/product-categories/direct-ophthalmoscopes/index.html]
[towasales.in/our-products/blp-4blp-6/index.html]
[towasales.in/our-products/bxα-13-led/index.html]
[towasales.in/our-products/bxα-13/index.html]
[towasales.in/our-products/bxα-13a/index.html]
[towasales.in/our-products/bxα-rc/index.html]
[towasales.in/wp-json/wp/v2/product_categories/29.json]
[towasales.in/product-categories/retinoscopes/index.html]
[towasales.in/our-products/bxα-13-rx-led/index.html]
[towasales.in/our-products/bxα-13-rxsp-led/index.html]
[towasales.in/our-products/bxα-13rx/index.html]
[towasales.in/our-products/rc-ⅱ/index.html]
[towasales.in/product-categories/retinoscopes/page/2/index.html]
[towasales.in/product-categories/retinoscopes/feed/index.html]
[towasales.in/wp-json/wp/v2/product_categories/32.json]
[towasales.in/our-products/rxrcled-rxrcspled-rc-iii/index.html]
[towasales.in/product-categories/contact-lens-inspection-instruments/index.html]
[towasales.in/our-products/rx-3-led/index.html]
[towasales.in/our-products/rx-3sp-led/index.html]
[towasales.in/our-products/rx-3/index.html]
[towasales.in/our-products/rx-3a/index.html]
[towasales.in/our-products/rx-rc/index.html]
[towasales.in/wp-json/wp/v2/product_categories/24.json]
[towasales.in/product-categories/aspherical-lens/index.html]
[towasales.in/our-products/rx-3sp/index.html]
[towasales.in/our-products/rx-3asp/index.html]
[towasales.in/our-products/bxα-13-rx-led-2/index.html]
[towasales.in/our-products/bxα-13-rxsp-led-2/index.html]
[towasales.in/product-categories/contact-lens-inspection-instruments/feed/index.html]
[towasales.in/wp-json/wp/v2/product_categories/30.json]
[towasales.in/product-categories/phaco-machine/index.html]
[towasales.in/our-products/cgx-4-led/index.html]
[towasales.in/our-products/cgx-3-led/index.html]
[towasales.in/our-products/cg-auto-ii/index.html]
[towasales.in/our-products/cl-s/index.html]
[towasales.in/product-categories/aspherical-lens/feed/index.html]
[towasales.in/wp-json/wp/v2/product_categories/31.json]
[towasales.in/product-categories/advanced-vitrectomy-equipment/index.html]
[towasales.in/our-products/20d/index.html]
[towasales.in/our-products/78d/index.html]
[towasales.in/our-products/90d/index.html]
[towasales.in/product-categories/phaco-machine/feed/index.html]
[towasales.in/our-products/r-evo-smart-s/index.html]
[towasales.in/wp-json/wp/v2/pages/316.json]
[towasales.in/our-products/r-evo-smart-e/index.html]
[towasales.in/our-products/r-evo-smart-cr/index.html]
[towasales.in/product-categories/advanced-vitrectomy-equipment/feed/index.html]
[towasales.in/wp-json/oembed/1.0/embed1ab9.json]
[towasales.in/wp-json/oembed/1.0/embed9652]
[towasales.in/distributors/index.html]
[towasales.in/wp-json/wp/v2/pages/303.json]
[towasales.in/wp-json/oembed/1.0/embed98b7.json]
[towasales.in/wp-json/oembed/1.0/embed38d0]
[towasales.in/careers/index.html]
[towasales.in/wp-json/wp/v2/pages/357.json]
[towasales.in/wp-json/oembed/1.0/embed59c8.json]
[towasales.in/wp-json/oembed/1.0/embedc0e7]
[towasales.in/contact-us/index.html]
[towasales.in/wp-content/themes/towa/images/online_icon_right@2x.png]
[towasales.in/wp-json/wp/v2/ourproduct/103.json]
[towasales.in/our-products/om-19/feed/index.html]
[towasales.in/wp-json/oembed/1.0/embede1d6.json]
[towasales.in/wp-json/oembed/1.0/embed5352]
[towasales.in/wp-content/uploads/2023/08/1-1.jpg]
[towasales.in/wp-content/uploads/2023/08/OM-19.pdf]
[towasales.in/wp-content/litespeed/js/c44560e51621803fc8c269f064317d9bc5f1.js]
[towasales.in/wp-content/litespeed/js/6f0d8535566cb5a47e75b401acf856310b55.js]
[towasales.in/wp-content/litespeed/js/ec9540266c7a1f869f11156c000bcf56b591.js]
[towasales.in/our-products/om-19/index.html]
[towasales.in/wp-json/wp/v2/ourproduct/589.json]
[towasales.in/our-products/bls-1-bls-2-bls-3-bld-3/feed/index.html]
[towasales.in/wp-json/oembed/1.0/embed82f0.json]
[towasales.in/wp-json/oembed/1.0/embed19a3]
[towasales.in/wp-content/uploads/2023/08/BLS-2-NEO-NSI-X.jpg]
[towasales.in/wp-content/uploads/2023/08/loupes_usage_EN.pdf]
[towasales.in/our-products/bls-1-bls-2-bls-3-bld-3/index.html]
[towasales.in/wp-json/wp/v2/ourproduct/432.json]
[towasales.in/our-products/r-evolution-cr/feed/index.html]
[towasales.in/wp-json/oembed/1.0/embed9e8b.json]
[towasales.in/wp-json/oembed/1.0/embed64e1]
[towasales.in/wp-content/uploads/2023/08/Phaco-Machine-R-Evolution-CR.jpg]
[towasales.in/wp-content/uploads/2023/08/PHYSIOL_REVOLUTION_ENG_sing.pdf]
[towasales.in/our-products/r-evolution-cr/index.html]
[towasales.in/wp-json/wp/v2/ourproduct/201.json]
[towasales.in/our-products/14d/feed/index.html]
[towasales.in/wp-json/oembed/1.0/embed6d80.json]
[towasales.in/wp-json/oembed/1.0/embed990b]
[towasales.in/wp-content/uploads/2023/08/Aspherical-Lens-14D.jpg]
[towasales.in/wp-content/uploads/2023/08/Righton.pdf]
[towasales.in/our-products/14d/index.html]
[towasales.in/wp-json/wp/v2/ourproduct/183.json]
[towasales.in/our-products/retinomax-kscreen/feed/index.html]
[towasales.in/wp-json/oembed/1.0/embed92f9.json]
[towasales.in/wp-json/oembed/1.0/embede3e5]
[towasales.in/wp-content/uploads/2023/08/3-13.jpg]
[towasales.in/wp-content/uploads/2023/08/BrochureEN-RETINOMAX-ind.pdf]
[towasales.in/our-products/retinomax-kscreen/index.html]
[towasales.in/product-categories/takagi/index.html]
[towasales.in/product-categories/slitlamp/index.html]
[towasales.in/product-categories/visionix/index.html]
[towasales.in/product-categories/neitz/index.html]
[towasales.in/product-categories/righton/index.html]
[towasales.in/product-categories/bvi/index.html]
[towasales.in/our-products/bxarcled-rc-iii/feed/index.html]
[towasales.in/wp-json/wp/v2/ourproduct/1425.json]
[towasales.in/wp-json/oembed/1.0/embed408a.json]
[towasales.in/wp-json/oembed/1.0/embed3c1b]
[towasales.in/wp-content/uploads/2025/01/BXaRCLEDRC-III.jpg]
[towasales.in/wp-content/uploads/2025/01/Brochure_BXaRCLEDRC-III.pdf]
[towasales.in/our-products/bxarcled-rc-iii/index.html]
[towasales.in/wp-content/themes/towa/assets/owlslider/owl.video.play.html]
[towasales.in/index5c97.html]
[towasales.in/our-products/index.html]
[towasales.in/wp-json/wp/v2/ourproduct/97.json]
[towasales.in/our-products/om-6/feed/index.html]
[towasales.in/wp-json/oembed/1.0/embed7534.json]
[towasales.in/wp-json/oembed/1.0/embed6c89]
[towasales.in/wp-content/uploads/2023/08/1-3.jpg]
[towasales.in/wp-content/uploads/2023/08/OM-6-EN-std-20230426.pdf]
[towasales.in/our-products/om-6/index.html]
[towasales.in/wp-json/wp/v2/ourproduct/100.json]
[towasales.in/our-products/om-9/feed/index.html]
[towasales.in/wp-json/oembed/1.0/embedfada.json]
[towasales.in/wp-json/oembed/1.0/embed6a8e]
[towasales.in/wp-content/uploads/2023/08/1-2.jpg]
[towasales.in/wp-content/uploads/2023/08/OM-9.pdf]
[towasales.in/our-products/om-9/index.html]
[towasales.in/our-products/700gl/feed/index.html]
[towasales.in/wp-json/wp/v2/ourproduct/142.json]
[towasales.in/wp-json/oembed/1.0/embed3799.json]
[towasales.in/wp-json/oembed/1.0/embed2f09]
[towasales.in/wp-content/uploads/2023/08/1-4.jpg]
[towasales.in/wp-content/uploads/2023/08/700GL.pdf]
[towasales.in/our-products/700gl/index.html]
[towasales.in/our-products/700gl-nsw/feed/index.html]
[towasales.in/wp-json/wp/v2/ourproduct/145.json]
[towasales.in/wp-json/oembed/1.0/embed9107.json]
[towasales.in/wp-json/oembed/1.0/embed0089]
[towasales.in/wp-content/uploads/2023/08/1-5.jpg]
[towasales.in/wp-content/uploads/2023/08/700GL-NSW.pdf]
[towasales.in/our-products/700gl-nsw/index.html]
[towasales.in/wp-json/wp/v2/ourproduct/148.json]
[towasales.in/our-products/30gl/feed/index.html]
[towasales.in/wp-json/oembed/1.0/embeda205.json]
[towasales.in/wp-json/oembed/1.0/embed80e6]
[towasales.in/wp-content/uploads/2023/08/1-6.jpg]
[towasales.in/wp-content/uploads/2023/08/30GL.pdf]
[towasales.in/our-products/30gl/index.html]
[towasales.in/wp-json/wp/v2/ourproduct/151.json]
[towasales.in/our-products/4zl/feed/index.html]
[towasales.in/wp-json/oembed/1.0/embedf322.json]
[towasales.in/wp-json/oembed/1.0/embed6eb5]
[towasales.in/wp-content/uploads/2023/08/1-7.jpg]
[towasales.in/wp-content/uploads/2023/08/4ZL-2ZL.pdf]
[towasales.in/our-products/4zl/index.html]
[towasales.in/wp-json/wp/v2/ourproduct/154.json]
[towasales.in/our-products/2zl/feed/index.html]
[towasales.in/wp-json/oembed/1.0/embed713f.json]
[towasales.in/wp-json/oembed/1.0/embed8c23]
[towasales.in/wp-content/uploads/2023/08/1-8.jpg]
[towasales.in/wp-content/uploads/2023/08/4ZL-2ZL-EN.pdf]
[towasales.in/our-products/2zl/index.html]
[towasales.in/our-products/2zl-bg/feed/index.html]
[towasales.in/wp-json/wp/v2/ourproduct/157.json]
[towasales.in/wp-json/oembed/1.0/embed7d20.json]
[towasales.in/wp-json/oembed/1.0/embede6f8]
[towasales.in/wp-content/uploads/2023/08/1-9.jpg]
[towasales.in/wp-content/uploads/2023/08/4ZL-2ZL-BG.pdf]
[towasales.in/our-products/2zl-bg/index.html]
[towasales.in/wp-json/wp/v2/ourproduct/160.json]
[towasales.in/our-products/ms1/feed/index.html]
[towasales.in/wp-json/oembed/1.0/embed75c3.json]
[towasales.in/wp-json/oembed/1.0/embedc2af]
[towasales.in/wp-content/uploads/2023/08/1-10.jpg]
[towasales.in/wp-content/uploads/2023/08/MS1-EN-Mobile-Slitlamp.pdf]
[towasales.in/our-products/ms1/index.html]
[towasales.in/wp-json/wp/v2/ourproduct/163.json]
[towasales.in/our-products/at-1/feed/index.html]
[towasales.in/wp-json/oembed/1.0/embedbad5.json]
[towasales.in/wp-json/oembed/1.0/embedfb0c]
[towasales.in/wp-content/uploads/2023/08/1-11.jpg]
[towasales.in/wp-content/uploads/2023/08/AT-1-2-Rev1-EN.pdf]
[towasales.in/our-products/at-1/index.html]
[towasales.in/wp-json/wp/v2/ourproduct/168.json]
[towasales.in/our-products/dis1/feed/index.html]
[towasales.in/wp-json/oembed/1.0/embed16c0.json]
[towasales.in/wp-json/oembed/1.0/embedc776]
[towasales.in/wp-content/uploads/2023/08/Digital-Imaging-System-DIS-1.jpg]
[towasales.in/wp-content/uploads/2023/08/DIS1.pdf]
[towasales.in/our-products/dis1/index.html]
[towasales.in/wp-json/wp/v2/ourproduct/171.json]
[towasales.in/our-products/td-10/feed/index.html]
[towasales.in/wp-json/oembed/1.0/embed7fd9.json]
[towasales.in/wp-json/oembed/1.0/embed55dc]
[towasales.in/wp-content/uploads/2023/08/TD-101.jpg]
[towasales.in/wp-content/uploads/2023/08/TD-10.pdf]
[towasales.in/our-products/td-10/index.html]
[towasales.in/wp-json/wp/v2/ourproduct/174.json]
[towasales.in/our-products/cgt-2000/feed/index.html]
[towasales.in/wp-json/oembed/1.0/embed10e4.json]
[towasales.in/wp-json/oembed/1.0/embedbc3e]
[towasales.in/wp-content/uploads/2023/08/Contrast-Glaretester-CGT-2000.jpg]
[towasales.in/wp-content/uploads/2023/08/CGT-2000.pdf]
[towasales.in/our-products/cgt-2000/index.html]
[towasales.in/wp-json/wp/v2/ourproduct/177.json]
[towasales.in/our-products/snt-700/feed/index.html]
[towasales.in/wp-json/oembed/1.0/embed57ca.json]
[towasales.in/wp-json/oembed/1.0/embed07d7]
[towasales.in/wp-content/uploads/2023/08/Soft-Noncontact-Tonometer-SNT-700.jpg]
[towasales.in/wp-content/uploads/2023/08/SNT-700.pdf]
[towasales.in/our-products/snt-700/index.html]
[towasales.in/wp-json/wp/v2/ourproduct/180.json]
[towasales.in/our-products/speedy-k2/feed/index.html]
[towasales.in/wp-json/oembed/1.0/embed3c33.json]
[towasales.in/wp-json/oembed/1.0/embedf57f]
[towasales.in/wp-content/uploads/2023/08/1-12.jpg]
[towasales.in/wp-content/uploads/2023/08/BrochureEN-SPEEDY-k2.pdf]
[towasales.in/our-products/speedy-k2/index.html]
[towasales.in/wp-json/wp/v2/ourproduct/186.json]
[towasales.in/our-products/retinomax-k-plus-5/feed/index.html]
[towasales.in/wp-json/oembed/1.0/embedc379.json]
[towasales.in/wp-json/oembed/1.0/embed4666]
[towasales.in/wp-content/uploads/2023/08/1-13.jpg]
[towasales.in/wp-content/uploads/2023/08/BrochureEN-RETINOMAX.pdf]
[towasales.in/our-products/retinomax-k-plus-5/index.html]
[towasales.in/our-products/retinomax-5/feed/index.html]
[towasales.in/wp-json/wp/v2/ourproduct/192.json]
[towasales.in/wp-json/oembed/1.0/embed5f94.json]
[towasales.in/wp-json/oembed/1.0/embed8e3c]
[towasales.in/wp-content/uploads/2023/08/Hand-Held-Auto-Refractometer-Retinomax-5.jpg]
[towasales.in/wp-content/uploads/2023/08/RETINOMAX5.pdf]
[towasales.in/our-products/retinomax-5/index.html]
[towasales.in/wp-json/wp/v2/ourproduct/189.json]
[towasales.in/our-products/retinomax-screen/feed/index.html]
[towasales.in/wp-json/oembed/1.0/embed32c7.json]
[towasales.in/wp-json/oembed/1.0/embedcf94]
[towasales.in/wp-content/uploads/2023/08/Hand-Held-Auto-Refractometer-Retinomax-Screeen.jpg]
[towasales.in/wp-content/uploads/2023/08/RETINOMAX-Screen.pdf]
[towasales.in/our-products/retinomax-screen/index.html]
[towasales.in/wp-json/wp/v2/ourproduct/198.json]
[towasales.in/our-products/mw-50d-clinical/feed/index.html]
[towasales.in/wp-json/oembed/1.0/embedd3c4.json]
[towasales.in/wp-json/oembed/1.0/embed5da2]
[towasales.in/wp-content/uploads/2023/08/Slitlamp-MW-50D-Clinical.jpg]
[towasales.in/wp-content/uploads/2023/08/BrochureEN-MW50D-clinical.pdf]
[towasales.in/our-products/mw-50d-clinical/index.html]
[towasales.in/wp-json/wp/v2/ourproduct/195.json]
[towasales.in/our-products/mw-50d-digital/feed/index.html]
[towasales.in/wp-json/oembed/1.0/embed9164.json]
[towasales.in/wp-json/oembed/1.0/embedd581]
[towasales.in/wp-content/uploads/2023/08/1-15.jpg]
[towasales.in/wp-content/uploads/2023/08/BrochureEN-MW50D-ind.pdf]
[towasales.in/our-products/mw-50d-digital/index.html]
[towasales.in/our-products/io-α-led/index.html]
[towasales.in/our-products/io-α-led-camera/index.html]
[towasales.in/wp-json/wp/v2/ourproduct/604.json]
[towasales.in/wp-json/oembed/1.0/embedf8cc.json]
[towasales.in/our-products/blp-4blp-6/feed/index.html]
[towasales.in/wp-json/oembed/1.0/embedb7ba]
[towasales.in/wp-content/uploads/2023/08/Binocular-Loupes-BLP-4.jpg]
[towasales.in/our-products/blp-4blp-6/index.html]
[towasales.in/our-products/bxα-13-led/index.html]
[towasales.in/our-products/bxα-13/index.html]
[towasales.in/our-products/bxα-13a/index.html]
[towasales.in/our-products/bxα-rc/index.html]
[towasales.in/our-products/bxα-13-rx-led/index.html]
[towasales.in/our-products/bxα-13-rxsp-led/index.html]
[towasales.in/our-products/bxα-13rx/index.html]
[towasales.in/our-products/rc-ⅱ/index.html]
[towasales.in/product-categories/retinoscopes/page/2/index.html]
[towasales.in/wp-json/wp/v2/ourproduct/1434.json]
[towasales.in/our-products/bxα-13rx-2/index.html]
[towasales.in/our-products/rxrcled-rxrcspled-rc-iii/feed/index.html]
[towasales.in/wp-json/oembed/1.0/embed3c05.json]
[towasales.in/wp-json/oembed/1.0/embed7759]
[towasales.in/wp-content/uploads/2025/01/RC-IIIRXRCSPLED.jpg]
[towasales.in/wp-content/uploads/2025/01/Brochure_RXRCLEDRC-III.pdf]
[towasales.in/our-products/rxrcled-rxrcspled-rc-iii/index.html]
[towasales.in/wp-json/wp/v2/ourproduct/662.json]
[towasales.in/our-products/rx-3-led/feed/index.html]
[towasales.in/wp-json/oembed/1.0/embedd25c.json]
[towasales.in/wp-json/oembed/1.0/embed38ae]
[towasales.in/wp-content/uploads/2023/08/Retinoscopes-RX-3-LED.jpg]
[towasales.in/wp-content/uploads/2023/08/RX-3_LED.pdf]
[towasales.in/our-products/rx-3-led/index.html]
[towasales.in/wp-json/wp/v2/ourproduct/668.json]
[towasales.in/our-products/rx-3sp-led/feed/index.html]
[towasales.in/wp-json/oembed/1.0/embeda51d.json]
[towasales.in/wp-json/oembed/1.0/embed606d]
[towasales.in/wp-content/uploads/2023/08/Retinoscopes-RX-3SP-LED.jpg]
[towasales.in/wp-content/uploads/2023/08/RX-3sp_LED.pdf]
[towasales.in/our-products/rx-3sp-led/index.html]
[towasales.in/wp-json/wp/v2/ourproduct/674.json]
[towasales.in/wp-json/oembed/1.0/embedb44f.json]
[towasales.in/our-products/rx-3/feed/index.html]
[towasales.in/wp-json/oembed/1.0/embed9ced]
[towasales.in/wp-content/uploads/2023/08/Retinoscopes-RX-3.jpg]
[towasales.in/wp-content/uploads/2023/08/RX3.pdf]
[towasales.in/our-products/rx-3/index.html]
[towasales.in/wp-json/wp/v2/ourproduct/680.json]
[towasales.in/our-products/rx-3a/feed/index.html]
[towasales.in/wp-json/oembed/1.0/embedadd0.json]
[towasales.in/wp-json/oembed/1.0/embed0a90]
[towasales.in/wp-content/uploads/2023/08/Retinoscopes-RX-3A.jpg]
[towasales.in/wp-content/uploads/2023/08/RX3A.pdf]
[towasales.in/our-products/rx-3a/index.html]
[towasales.in/wp-json/wp/v2/ourproduct/686.json]
[towasales.in/our-products/rx-rc/feed/index.html]
[towasales.in/wp-json/oembed/1.0/embedead3.json]
[towasales.in/wp-json/oembed/1.0/embed299a]
[towasales.in/wp-content/uploads/2023/08/Retinoscopes-RX-RC.jpg]
[towasales.in/wp-content/uploads/2023/08/RX-RC.pdf]
[towasales.in/our-products/rx-rc/index.html]
[towasales.in/wp-json/wp/v2/ourproduct/693.json]
[towasales.in/our-products/rx-3sp/feed/index.html]
[towasales.in/wp-json/oembed/1.0/embed7243.json]
[towasales.in/wp-json/oembed/1.0/embed2754]
[towasales.in/wp-content/uploads/2023/08/Retinoscopes-RX-3SP.jpg]
[towasales.in/our-products/rx-3sp/index.html]
[towasales.in/wp-json/wp/v2/ourproduct/698.json]
[towasales.in/our-products/rx-3asp/feed/index.html]
[towasales.in/wp-json/oembed/1.0/embed2086.json]
[towasales.in/wp-json/oembed/1.0/embed86a4]
[towasales.in/wp-content/uploads/2023/08/Retinoscopes-RX-3ASP.jpg]
[towasales.in/our-products/rx-3asp/index.html]
[towasales.in/our-products/bxα-13-rx-led-2/index.html]
[towasales.in/our-products/bxα-13-rxsp-led-2/index.html]
[towasales.in/wp-json/wp/v2/ourproduct/720.json]
[towasales.in/our-products/cgx-4-led/feed/index.html]
[towasales.in/wp-json/oembed/1.0/embedf7b5.json]
[towasales.in/wp-json/oembed/1.0/embed6863]
[towasales.in/wp-content/uploads/2023/08/CGX-4-LED.jpg]
[towasales.in/wp-content/uploads/2023/08/CGX__4.pdf]
[towasales.in/our-products/cgx-4-led/index.html]
[towasales.in/wp-json/wp/v2/ourproduct/722.json]
[towasales.in/our-products/cgx-3-led/feed/index.html]
[towasales.in/wp-json/oembed/1.0/embedc28a.json]
[towasales.in/wp-json/oembed/1.0/embed489b]
[towasales.in/wp-content/uploads/2023/08/CGX-3-LED.jpg]
[towasales.in/wp-content/uploads/2023/08/CGX__3.pdf]
[towasales.in/our-products/cgx-3-led/index.html]
[towasales.in/wp-json/wp/v2/ourproduct/721.json]
[towasales.in/our-products/cg-auto-ii/feed/index.html]
[towasales.in/wp-json/oembed/1.0/embedbee2.json]
[towasales.in/wp-json/oembed/1.0/embedaa97]
[towasales.in/wp-content/uploads/2023/08/CG-AUTO-II.jpg]
[towasales.in/wp-content/uploads/2023/08/CGX__CG-AUTO.pdf]
[towasales.in/our-products/cg-auto-ii/index.html]
[towasales.in/wp-json/wp/v2/ourproduct/723.json]
[towasales.in/wp-json/oembed/1.0/embedd2ca.json]
[towasales.in/our-products/cl-s/feed/index.html]
[towasales.in/wp-json/oembed/1.0/embedd223]
[towasales.in/wp-content/uploads/2023/08/CL-S.jpg]
[towasales.in/our-products/cl-s/index.html]
[towasales.in/wp-json/wp/v2/ourproduct/204.json]
[towasales.in/our-products/20d/feed/index.html]
[towasales.in/wp-json/oembed/1.0/embed4948.json]
[towasales.in/wp-json/oembed/1.0/embed6894]
[towasales.in/wp-content/uploads/2023/08/Aspherical-Lens-20D.jpg]
[towasales.in/our-products/20d/index.html]
[towasales.in/wp-json/wp/v2/ourproduct/207.json]
[towasales.in/our-products/78d/feed/index.html]
[towasales.in/wp-json/oembed/1.0/embede868.json]
[towasales.in/wp-json/oembed/1.0/embed6e72]
[towasales.in/wp-content/uploads/2023/08/Aspherical-Lens-78D.jpg]
[towasales.in/our-products/78d/index.html]
[towasales.in/wp-json/wp/v2/ourproduct/210.json]
[towasales.in/our-products/90d/feed/index.html]
[towasales.in/wp-json/oembed/1.0/embed0d5f.json]
[towasales.in/wp-json/oembed/1.0/embed6861]
[towasales.in/wp-content/uploads/2023/08/Aspherical-Lens-90D.jpg]
[towasales.in/our-products/90d/index.html]
[towasales.in/wp-json/wp/v2/ourproduct/428.json]
[towasales.in/our-products/r-evo-smart-s/feed/index.html]
[towasales.in/wp-json/oembed/1.0/embedf803.json]
[towasales.in/wp-json/oembed/1.0/embedac27]
[towasales.in/wp-content/uploads/2023/08/Phaco-Machine-R-Evo-Smart-S.jpg]
[towasales.in/wp-content/uploads/2023/08/DOC-20230303-WA0003.pdf]
[towasales.in/our-products/r-evo-smart-s/index.html]
[towasales.in/wp-json/wp/v2/ourproduct/420.json]
[towasales.in/our-products/r-evo-smart-e/feed/index.html]
[towasales.in/wp-json/oembed/1.0/embed0fc7.json]
[towasales.in/wp-json/oembed/1.0/embedd9ed]
[towasales.in/wp-content/uploads/2023/08/Phaco-Machine-R-Evo-Smart-E.jpg]
[towasales.in/our-products/r-evo-smart-e/index.html]
[towasales.in/wp-json/wp/v2/ourproduct/436.json]
[towasales.in/our-products/r-evo-smart-cr/feed/index.html]
[towasales.in/wp-json/oembed/1.0/embed7d49.json]
[towasales.in/wp-json/oembed/1.0/embed47a0]
[towasales.in/wp-content/uploads/2023/08/Phaco-Machine-R-Evo-Smart-CR.jpg]
[towasales.in/our-products/r-evo-smart-cr/index.html]
[towasales.in/index258b.html]
[towasales.in/indexa853.html]
[towasales.in/indexec1b.html]
[towasales.in/indexe6f0.html]
[towasales.in/wp-content/litespeed/css/20faf3adba37de5360ca30c934fbe0da051e.css]
[towasales.in/index4f61.html]
[towasales.in/indexecc4.html]
[towasales.in/index5721.html]
[towasales.in/indexe8f5.html]
[towasales.in/index4297.html]
[towasales.in/indexb190.html]
[towasales.in/index3f5a.html]
[towasales.in/indexee5b.html]
[towasales.in/indexbe3b.html]
[towasales.in/indexa36b.html]
[towasales.in/indexe539.html]
[towasales.in/index87e6.html]
[towasales.in/index5791.html]
[towasales.in/index9c2b.html]
[towasales.in/index4034.html]
[towasales.in/indexada0.html]
[towasales.in/indexa828.html]
[towasales.in/index0325.html]
[towasales.in/indexb7c7.html]
[towasales.in/index2586.html]
[towasales.in/index146c.html]
[towasales.in/index5a6a.html]
[towasales.in/indexa80c.html]
[towasales.in/indexd1c3.html]
[towasales.in/index78d6.html]
[towasales.in/index1d45.html]
[towasales.in/our-products/bxα-13rx-2/index.html]
[towasales.in/index94e7.html]
[towasales.in/indexfc9a.html]
[towasales.in/index1cc0.html]
[towasales.in/index030b.html]
[towasales.in/indexea0f.html]
[towasales.in/index3f66.html]
[towasales.in/index61f2.html]
[towasales.in/indexfcd3.html]
[towasales.in/index7f9a.html]
[towasales.in/indexc9c3.html]
[towasales.in/index8bfb.html]
[towasales.in/indexe01d.html]
[towasales.in/indexcb89.html]
[towasales.in/indexeb91.html]
[towasales.in/indexe4c6.html]
[towasales.in/indexc7ce.html]
[towasales.in/index17d3.html]
[towasales.in/indexc1f6.html]
